// Jest Snapshot v1, https://goo.gl/fbAQLP

exports[`the character selector matches the snapshot 1`] = `
initialize {
  "0": Object {
    "attribs": Object {
      "style": "position:fixed;background:black;color:lime;top:0;right:0",
    },
    "children": Array [
      Object {
        "attribs": Object {
          "id": "character-selector-option-hero",
          "style": "padding:0.5rem;border:1px solid black",
        },
        "children": Array [
          Object {
            "data": "Waffle",
            "next": null,
            "parent": [Circular],
            "prev": null,
            "type": "text",
          },
        ],
        "name": "div",
        "namespace": "http://www.w3.org/1999/xhtml",
        "next": Object {
          "attribs": Object {
            "id": "character-selector-option-villain",
            "style": "padding:0.5rem;border:1px solid lime",
          },
          "children": Array [
            Object {
              "data": "Pickle",
              "next": null,
              "parent": [Circular],
              "prev": null,
              "type": "text",
            },
          ],
          "name": "div",
          "namespace": "http://www.w3.org/1999/xhtml",
          "next": null,
          "parent": [Circular],
          "prev": [Circular],
          "type": "tag",
          "x-attribsNamespace": Object {
            "id": undefined,
            "style": undefined,
          },
          "x-attribsPrefix": Object {
            "id": undefined,
            "style": undefined,
          },
        },
        "parent": [Circular],
        "prev": null,
        "type": "tag",
        "x-attribsNamespace": Object {
          "id": undefined,
          "style": undefined,
        },
        "x-attribsPrefix": Object {
          "id": undefined,
          "style": undefined,
        },
      },
      Object {
        "attribs": Object {
          "id": "character-selector-option-villain",
          "style": "padding:0.5rem;border:1px solid lime",
        },
        "children": Array [
          Object {
            "data": "Pickle",
            "next": null,
            "parent": [Circular],
            "prev": null,
            "type": "text",
          },
        ],
        "name": "div",
        "namespace": "http://www.w3.org/1999/xhtml",
        "next": null,
        "parent": [Circular],
        "prev": Object {
          "attribs": Object {
            "id": "character-selector-option-hero",
            "style": "padding:0.5rem;border:1px solid black",
          },
          "children": Array [
            Object {
              "data": "Waffle",
              "next": null,
              "parent": [Circular],
              "prev": null,
              "type": "text",
            },
          ],
          "name": "div",
          "namespace": "http://www.w3.org/1999/xhtml",
          "next": [Circular],
          "parent": [Circular],
          "prev": null,
          "type": "tag",
          "x-attribsNamespace": Object {
            "id": undefined,
            "style": undefined,
          },
          "x-attribsPrefix": Object {
            "id": undefined,
            "style": undefined,
          },
        },
        "type": "tag",
        "x-attribsNamespace": Object {
          "id": undefined,
          "style": undefined,
        },
        "x-attribsPrefix": Object {
          "id": undefined,
          "style": undefined,
        },
      },
    ],
    "name": "div",
    "namespace": "http://www.w3.org/1999/xhtml",
    "next": null,
    "parent": null,
    "prev": null,
    "root": Object {
      "attribs": Object {},
      "children": Array [
        [Circular],
      ],
      "name": "root",
      "namespace": "http://www.w3.org/1999/xhtml",
      "next": null,
      "parent": null,
      "prev": null,
      "type": "root",
      "x-attribsNamespace": Object {},
      "x-attribsPrefix": Object {},
    },
    "type": "tag",
    "x-attribsNamespace": Object {
      "style": undefined,
    },
    "x-attribsPrefix": Object {
      "style": undefined,
    },
  },
  "_root": [Circular],
  "length": 1,
  "options": Object {
    "decodeEntities": true,
    "normalizeWhitespace": false,
    "withDomLvl1": true,
    "xml": false,
  },
}
`;
